2024-12-27 13:57:23 [ WARNING] There are no token lists installed
	ValueError: Default token list has not been set.
	(Use `--verbosity DEBUG` to see full stack-trace) (logging.py:238)
2024-12-27 13:57:23 [    INFO] Gas used by placeBet: 139439 (test_predictify_integration.py:42)
2024-12-27 13:57:24 [    INFO] Gas used by endRound: 119827 (test_predictify_integration.py:63)
2024-12-27 13:57:24 [    INFO] Gas used by withdrawWinnings: 30001 (test_predictify_integration.py:71)
2024-12-27 13:57:24 [    INFO] Gas used by withdrawDevFee: 32339 (test_predictify_integration.py:80)
